// Jest Snapshot v1, https://goo.gl/fbAQLP

exports[`matches snapshot 1`] = `
<div>
  <header
    class="MuiPaper-root MuiAppBar-root MuiAppBar-positionStatic MuiAppBar-colorPrimary MuiPaper-elevation4"
  >
    <div
      class="MuiToolbar-root MuiToolbar-regular makeStyles-toolbar-1 MuiToolbar-gutters"
    >
      <div
        class="makeStyles-logoWrapper-2"
      >
        <img
          alt="baik-logo"
          class="makeStyles-logo-3"
          src="baik.png"
        />
        <h4
          class="MuiTypography-root MuiTypography-h4 MuiTypography-colorTextPrimary"
        >
          Baik
        </h4>
      </div>
      <h6
        class="MuiTypography-root MuiTypography-h6 MuiTypography-colorTextPrimary"
      >
        CONNECTING USERS TO BIKES
      </h6>
    </div>
  </header>
  <section>
    <div
      class="makeStyles-title-9"
    >
      <h1
        class="MuiTypography-root MuiTypography-h1 MuiTypography-colorTextPrimary"
      >
        Bikes in all locations
      </h1>
      <h1
        class="MuiTypography-root MuiTypography-h1 MuiTypography-colorTextPrimary"
      >
        for everyone
      </h1>
    </div>
    <div
      class="makeStyles-subtitle-10"
    >
      <h4
        class="MuiTypography-root MuiTypography-h4 MuiTypography-colorTextSecondary"
      >
        Find your way to come and go wherever
      </h4>
      <h4
        class="MuiTypography-root MuiTypography-h4 MuiTypography-colorTextSecondary"
      >
        and whenever you want
      </h4>
    </div>
    <div
      class="makeStyles-button-11"
    >
      <button
        class="MuiButtonBase-root MuiButton-root MuiButton-contained MuiButton-containedPrimary MuiButton-containedSizeLarge MuiButton-sizeLarge"
        tabindex="0"
        type="button"
      >
        <span
          class="MuiButton-label"
        >
          Start biking for free
        </span>
        <span
          class="MuiTouchRipple-root"
        />
      </button>
    </div>
  </section>
  <section
    class="makeStyles-description-4"
  >
    <img
      alt="user-bikes"
      class="makeStyles-image-5"
      src="user-bikes.png"
    />
    <h2
      class="MuiTypography-root MuiTypography-h2 MuiTypography-colorTextPrimary"
    >
      We are a sustainable company that believes everyone can improve the planet. Go from Baik and collaborate with nature.
    </h2>
  </section>
  <section>
    <h2
      class="MuiTypography-root MuiTypography-h2 MuiTypography-colorTextPrimary"
    >
      MAP HERE
    </h2>
  </section>
  <section
    class="makeStyles-repeat-6"
  >
    <h4
      class="MuiTypography-root MuiTypography-h4 MuiTypography-colorTextPrimary"
    >
      Find your bike. Cycle to your destination. Give it back.
    </h4>
    <svg
      aria-hidden="true"
      class="MuiSvgIcon-root MuiSvgIcon-colorPrimary MuiSvgIcon-fontSizeLarge"
      focusable="false"
      viewBox="0 0 24 24"
    >
      <path
        d="M7 7h10v3l4-4-4-4v3H5v6h2V7zm10 10H7v-3l-4 4 4 4v-3h12v-6h-2v4z"
      />
    </svg>
    <h4
      class="MuiTypography-root MuiTypography-h4 MuiTypography-colorTextPrimary"
    >
      Repeat.
    </h4>
  </section>
  <section>
    <div
      class="MuiPaper-root MuiCard-root makeStyles-card-13 MuiPaper-elevation1 MuiPaper-rounded"
    >
      <div
        class="MuiCardContent-root makeStyles-cardContent-14"
      >
        <img
          alt="background"
          class="makeStyles-background-7"
          src="background.png"
        />
        <div
          class="makeStyles-anyDoubts-8"
        >
          <h3
            class="MuiTypography-root MuiTypography-h3 MuiTypography-colorTextPrimary"
          >
            Any doubts?
          </h3>
          <button
            class="MuiButtonBase-root MuiButton-root MuiButton-contained MuiButton-containedPrimary MuiButton-containedSizeLarge MuiButton-sizeLarge"
            tabindex="0"
            type="button"
          >
            <span
              class="MuiButton-label"
            >
              Contact us
            </span>
            <span
              class="MuiTouchRipple-root"
            />
          </button>
        </div>
      </div>
    </div>
  </section>
  <div
    class="Toastify"
  />
</div>
`;
